* ----------------------------------------------------------------
* Running PROLOG for rat_neutron_analysis on Mon Sep 14 15:51:44 WEST 2026
*    JOB_NAME                : rat_neutron_analysis
*    JOB_ID                  : 25190219
*    JOB_PARTITION           : lipq
*    JOB_USER                : joankl
*    JOB_ACCOUNT             : sno
*    JOB_QOS                 : calo
*    NODE_LIST               : wn249
*    SLURM_NNODES            : 1
*    SLURM_CPUS_ON_NODE      : 1
*    SLURM_TASKS_PER_NODE    : 1
*    SLURM_JOB_CPUS_PER_NODE : 1
*    SLURM_MEM_PER_CPU       : 2500
*    SUBMIT_HOST             : pauli07.a.incd.pt
*    WORK_DIR                : /lstore/sno/joankl/rat_tests/functions/sh_neutron_analysis
*    JOB_SCRIPT              : /lstore/sno/joankl/rat_tests/functions/sh_neutron_analysis/submit_neutron_analysis.sh
* ----------------------------------------------------------------
Running on host: wn249.a.incd.pt
Starting Container...
INFO   : A system administrator may need to enable user namespaces, install
INFO   :   apptainer-suid, or compile with ./mconfig --with-suid
Job finished

* ----------------------------------------------------------------
* Running EPILOG for rat_neutron_analysis on Mon Sep 14 15:51:44 WEST 2026
* ----------------------------------------------------------------
